// Jest Snapshot v1, https://goo.gl/fbAQLP

exports[`Pruebas sobre RegisterScrenn Debe presentarse correctamente 1`] = `
Array [
  <h1
    className="auth__title"
  >
     Register
  </h1>,
  <form
    className="animate__animated animate__fadeIn"
    onSubmit={[Function]}
  >
    <input
      autoComplete="off"
      className="auth__input"
      name="name"
      onChange={[Function]}
      placeholder="name"
      type="text"
      value=""
    />
    <input
      autoComplete="off"
      className="auth__input"
      name="email"
      onChange={[Function]}
      placeholder="email"
      type="text"
      value=""
    />
    <input
      className="auth__input"
      name="password1"
      onChange={[Function]}
      placeholder="password"
      type="password"
      value=""
    />
    <input
      className="auth__input"
      name="password2"
      onChange={[Function]}
      placeholder="confirm password"
      type="password"
      value=""
    />
    <button
      className="btn btn-primary btn-block mb-5 mt-1"
      type="submit"
    >
      Register
    </button>
    <a
      className="link"
      href="/auth/login"
      onClick={[Function]}
    >
      have you already registered?
    </a>
  </form>,
]
`;
