// Jest Snapshot v1, https://goo.gl/fbAQLP

exports[`Prebas sobre el sidebar Debe mostrarse correctamente 1`] = `
<aside
  className="journal_sidebar"
>
  <div
    className="journal_sidabar-narvar"
  >
    <h3
      className="mt-5"
    >
      <i
        className="far fa-moon"
      />
      <span
        className="ml-1"
      >
         
      </span>
    </h3>
    <button
      className="btn"
      onClick={[Function]}
    >
      Logout
    </button>
  </div>
  <div
    className="journal__new-entry"
    onClick={[Function]}
  >
    <i
      className="far fa-calendar-plus fa-5x"
    />
    <p
      className="mt-5"
    >
      new entry
    </p>
  </div>
  <div
    className="journal__entries animate__animated animate__fadeIn"
  />
</aside>
`;
